PASS Cell identities and order unchanged
PASS Input unchanged: output/iNKT_meeting_followup_20260905/objects/scored_base.h5ad
PASS Input unchanged: output/iNKT_meeting_followup_20260905/objects/bone_marrow_stable.h5ad
PASS Input unchanged: output/iNKT_meeting_followup_20260905/objects/spleen_stable.h5ad
PASS Input unchanged: output/iNKT_meeting_followup_20260905/objects/thymus_stable.h5ad
PASS Input unchanged: docs/pager-scFGA.pdf
PASS Input unchanged: docs/Borra_et_al_2026_GAFA_CML_NK.pdf
PASS Input unchanged: output/iNKT_meeting_followup_20260905/sources/MGI_MRK_ENSEMBL.rpt
PASS Module mean independently recomputed from raw normalized expression
PASS Minimum condition counts enforced
PASS Insufficient groups have no statistical claims
PASS Module BH independently reproduced
PASS T2-minus-Ctrl effect direction verified
PASS C4 cytotoxic test independently reproduced
PASS GO statistical values finite
PASS GO probabilities bounded
PASS GO hypergeometric counts valid
PASS GO BH: ('cluster_identity', 'original', 'identity__bone_marrow__C0', 'cluster_up', 'BP')
PASS GO BH: ('cluster_identity', 'original', 'identity__bone_marrow__C0', 'cluster_up', 'MF')
PASS GO BH: ('cluster_identity', 'original', 'identity__bone_marrow__C0', 'cluster_up', 'CC')
PASS GO BH: ('cluster_identity', 'original', 'identity__bone_marrow__C1', 'cluster_up', 'BP')
PASS GO BH: ('cluster_identity', 'original', 'identity__bone_marrow__C1', 'cluster_up', 'MF')
PASS GO BH: ('cluster_identity', 'original', 'identity__bone_marrow__C1', 'cluster_up', 'CC')
PASS GO BH: ('cluster_identity', 'original', 'identity__bone_marrow__C2', 'cluster_up', 'BP')
PASS GO BH: ('cluster_identity', 'original', 'identity__bone_marrow__C2', 'cluster_up', 'MF')
PASS GO BH: ('cluster_identity', 'original', 'identity__bone_marrow__C2', 'cluster_up', 'CC')
PASS GO BH: ('cluster_identity', 'original', 'identity__bone_marrow__C3', 'cluster_up', 'BP')
PASS GO BH: ('cluster_identity', 'original', 'identity__bone_marrow__C3', 'cluster_up', 'MF')
PASS GO BH: ('cluster_identity', 'original', 'identity__bone_marrow__C3', 'cluster_up', 'CC')
PASS GO BH: ('cluster_identity', 'original', 'identity__bone_marrow__C4', 'cluster_up', 'BP')
PASS GO BH: ('cluster_identity', 'original', 'identity__bone_marrow__C4', 'cluster_up', 'MF')
PASS GO BH: ('cluster_identity', 'original', 'identity__bone_marrow__C4', 'cluster_up', 'CC')
PASS GO BH: ('cluster_identity', 'original', 'identity__bone_marrow__C5-1', 'cluster_up', 'BP')
PASS GO BH: ('cluster_identity', 'original', 'identity__bone_marrow__C5-1', 'cluster_up', 'MF')
PASS GO BH: ('cluster_identity', 'original', 'identity__bone_marrow__C5-1', 'cluster_up', 'CC')
PASS GO BH: ('cluster_identity', 'original', 'identity__bone_marrow__C5-2', 'cluster_up', 'BP')
PASS GO BH: ('cluster_identity', 'original', 'identity__bone_marrow__C5-2', 'cluster_up', 'MF')
PASS GO BH: ('cluster_identity', 'original', 'identity__bone_marrow__C5-2', 'cluster_up', 'CC')
PASS GO BH: ('cluster_identity', 'original', 'identity__bone_marrow__C6', 'cluster_up', 'BP')
PASS GO BH: ('cluster_identity', 'original', 'identity__bone_marrow__C6', 'cluster_up', 'MF')
PASS GO BH: ('cluster_identity', 'original', 'identity__bone_marrow__C6', 'cluster_up', 'CC')
PASS GO BH: ('cluster_identity', 'original', 'identity__spleen__C0', 'cluster_up', 'BP')
PASS GO BH: ('cluster_identity', 'original', 'identity__spleen__C0', 'cluster_up', 'MF')
PASS GO BH: ('cluster_identity', 'original', 'identity__spleen__C0', 'cluster_up', 'CC')
PASS GO BH: ('cluster_identity', 'original', 'identity__spleen__C1', 'cluster_up', 'BP')
PASS GO BH: ('cluster_identity', 'original', 'identity__spleen__C1', 'cluster_up', 'MF')
PASS GO BH: ('cluster_identity', 'original', 'identity__spleen__C1', 'cluster_up', 'CC')
PASS GO BH: ('cluster_identity', 'original', 'identity__spleen__C2', 'cluster_up', 'BP')
PASS GO BH: ('cluster_identity', 'original', 'identity__spleen__C2', 'cluster_up', 'MF')
PASS GO BH: ('cluster_identity', 'original', 'identity__spleen__C2', 'cluster_up', 'CC')
PASS GO BH: ('cluster_identity', 'original', 'identity__spleen__C3', 'cluster_up', 'BP')
PASS GO BH: ('cluster_identity', 'original', 'identity__spleen__C3', 'cluster_up', 'MF')
PASS GO BH: ('cluster_identity', 'original', 'identity__spleen__C3', 'cluster_up', 'CC')
PASS GO BH: ('cluster_identity', 'original', 'identity__spleen__C4', 'cluster_up', 'BP')
PASS GO BH: ('cluster_identity', 'original', 'identity__spleen__C4', 'cluster_up', 'MF')
PASS GO BH: ('cluster_identity', 'original', 'identity__spleen__C4', 'cluster_up', 'CC')
PASS GO BH: ('cluster_identity', 'original', 'identity__spleen__C5-1', 'cluster_up', 'BP')
PASS GO BH: ('cluster_identity', 'original', 'identity__spleen__C5-1', 'cluster_up', 'MF')
PASS GO BH: ('cluster_identity', 'original', 'identity__spleen__C5-1', 'cluster_up', 'CC')
PASS GO BH: ('cluster_identity', 'original', 'identity__spleen__C5-2', 'cluster_up', 'BP')
PASS GO BH: ('cluster_identity', 'original', 'identity__spleen__C5-2', 'cluster_up', 'MF')
PASS GO BH: ('cluster_identity', 'original', 'identity__spleen__C5-2', 'cluster_up', 'CC')
PASS GO BH: ('cluster_identity', 'original', 'identity__spleen__C6', 'cluster_up', 'BP')
PASS GO BH: ('cluster_identity', 'original', 'identity__spleen__C6', 'cluster_up', 'MF')
PASS GO BH: ('cluster_identity', 'original', 'identity__spleen__C6', 'cluster_up', 'CC')
PASS GO BH: ('cluster_identity', 'original', 'identity__thymus__C0', 'cluster_up', 'BP')
PASS GO BH: ('cluster_identity', 'original', 'identity__thymus__C0', 'cluster_up', 'MF')
PASS GO BH: ('cluster_identity', 'original', 'identity__thymus__C0', 'cluster_up', 'CC')
PASS GO BH: ('cluster_identity', 'original', 'identity__thymus__C2', 'cluster_up', 'BP')
PASS GO BH: ('cluster_identity', 'original', 'identity__thymus__C2', 'cluster_up', 'MF')
PASS GO BH: ('cluster_identity', 'original', 'identity__thymus__C2', 'cluster_up', 'CC')
PASS GO BH: ('cluster_identity', 'original', 'identity__thymus__C5-2', 'cluster_up', 'BP')
PASS GO BH: ('cluster_identity', 'original', 'identity__thymus__C5-2', 'cluster_up', 'MF')
PASS GO BH: ('cluster_identity', 'original', 'identity__thymus__C5-2', 'cluster_up', 'CC')
PASS GO BH: ('cluster_identity', 'original', 'identity__thymus__C6', 'cluster_up', 'BP')
PASS GO BH: ('cluster_identity', 'original', 'identity__thymus__C6', 'cluster_up', 'MF')
PASS GO BH: ('cluster_identity', 'original', 'identity__thymus__C6', 'cluster_up', 'CC')
PASS GO BH: ('cluster_identity', 'original', 'identity__thymus__C7', 'cluster_up', 'BP')
PASS GO BH: ('cluster_identity', 'original', 'identity__thymus__C7', 'cluster_up', 'MF')
PASS GO BH: ('cluster_identity', 'original', 'identity__thymus__C7', 'cluster_up', 'CC')
PASS GO BH: ('condition', 'tissue', 'tissue__bone_marrow', 'T2_up', 'BP')
PASS GO BH: ('condition', 'tissue', 'tissue__bone_marrow', 'T2_up', 'MF')
PASS GO BH: ('condition', 'tissue', 'tissue__bone_marrow', 'T2_up', 'CC')
PASS GO BH: ('condition', 'tissue', 'tissue__bone_marrow', 'Ctrl_up', 'BP')
PASS GO BH: ('condition', 'tissue', 'tissue__bone_marrow', 'Ctrl_up', 'MF')
PASS GO BH: ('condition', 'tissue', 'tissue__bone_marrow', 'Ctrl_up', 'CC')
PASS GO BH: ('condition', 'original', 'cluster_tissue__C0__bone_marrow', 'T2_up', 'BP')
PASS GO BH: ('condition', 'original', 'cluster_tissue__C0__bone_marrow', 'T2_up', 'MF')
PASS GO BH: ('condition', 'original', 'cluster_tissue__C0__bone_marrow', 'T2_up', 'CC')
PASS GO BH: ('condition', 'original', 'cluster_tissue__C0__bone_marrow', 'Ctrl_up', 'BP')
PASS GO BH: ('condition', 'original', 'cluster_tissue__C0__bone_marrow', 'Ctrl_up', 'MF')
PASS GO BH: ('condition', 'original', 'cluster_tissue__C0__bone_marrow', 'Ctrl_up', 'CC')
PASS GO BH: ('condition', 'original', 'cluster_tissue__C1__bone_marrow', 'T2_up', 'BP')
PASS GO BH: ('condition', 'original', 'cluster_tissue__C1__bone_marrow', 'T2_up', 'MF')
PASS GO BH: ('condition', 'original', 'cluster_tissue__C1__bone_marrow', 'T2_up', 'CC')
PASS GO BH: ('condition', 'original', 'cluster_tissue__C1__bone_marrow', 'Ctrl_up', 'BP')
PASS GO BH: ('condition', 'original', 'cluster_tissue__C1__bone_marrow', 'Ctrl_up', 'MF')
PASS GO BH: ('condition', 'original', 'cluster_tissue__C1__bone_marrow', 'Ctrl_up', 'CC')
PASS GO BH: ('condition', 'original', 'cluster_tissue__C2__bone_marrow', 'T2_up', 'BP')
PASS GO BH: ('condition', 'original', 'cluster_tissue__C2__bone_marrow', 'T2_up', 'MF')
PASS GO BH: ('condition', 'original', 'cluster_tissue__C2__bone_marrow', 'T2_up', 'CC')
PASS GO BH: ('condition', 'original', 'cluster_tissue__C2__bone_marrow', 'Ctrl_up', 'BP')
PASS GO BH: ('condition', 'original', 'cluster_tissue__C2__bone_marrow', 'Ctrl_up', 'MF')
PASS GO BH: ('condition', 'original', 'cluster_tissue__C2__bone_marrow', 'Ctrl_up', 'CC')
PASS GO BH: ('condition', 'original', 'cluster_tissue__C3__bone_marrow', 'T2_up', 'BP')
PASS GO BH: ('condition', 'original', 'cluster_tissue__C3__bone_marrow', 'T2_up', 'MF')
PASS GO BH: ('condition', 'original', 'cluster_tissue__C3__bone_marrow', 'T2_up', 'CC')
PASS GO BH: ('condition', 'original', 'cluster_tissue__C3__bone_marrow', 'Ctrl_up', 'BP')
PASS GO BH: ('condition', 'original', 'cluster_tissue__C3__bone_marrow', 'Ctrl_up', 'MF')
PASS GO BH: ('condition', 'original', 'cluster_tissue__C3__bone_marrow', 'Ctrl_up', 'CC')
PASS GO BH: ('condition', 'original', 'cluster_tissue__C4__bone_marrow', 'T2_up', 'BP')
PASS GO BH: ('condition', 'original', 'cluster_tissue__C4__bone_marrow', 'T2_up', 'MF')
PASS GO BH: ('condition', 'original', 'cluster_tissue__C4__bone_marrow', 'T2_up', 'CC')
PASS GO BH: ('condition', 'original', 'cluster_tissue__C4__bone_marrow', 'Ctrl_up', 'BP')
PASS GO BH: ('condition', 'original', 'cluster_tissue__C4__bone_marrow', 'Ctrl_up', 'MF')
PASS GO BH: ('condition', 'original', 'cluster_tissue__C4__bone_marrow', 'Ctrl_up', 'CC')
PASS GO BH: ('condition', 'original', 'cluster_tissue__C5-1__bone_marrow', 'T2_up', 'BP')
PASS GO BH: ('condition', 'original', 'cluster_tissue__C5-1__bone_marrow', 'T2_up', 'MF')
PASS GO BH: ('condition', 'original', 'cluster_tissue__C5-1__bone_marrow', 'T2_up', 'CC')
PASS GO BH: ('condition', 'original', 'cluster_tissue__C5-1__bone_marrow', 'Ctrl_up', 'BP')
PASS GO BH: ('condition', 'original', 'cluster_tissue__C5-1__bone_marrow', 'Ctrl_up', 'MF')
PASS GO BH: ('condition', 'original', 'cluster_tissue__C5-1__bone_marrow', 'Ctrl_up', 'CC')
PASS GO BH: ('condition', 'original', 'cluster_tissue__C5-2__bone_marrow', 'T2_up', 'BP')
PASS GO BH: ('condition', 'original', 'cluster_tissue__C5-2__bone_marrow', 'T2_up', 'MF')
PASS GO BH: ('condition', 'original', 'cluster_tissue__C5-2__bone_marrow', 'T2_up', 'CC')
PASS GO BH: ('condition', 'original', 'cluster_tissue__C5-2__bone_marrow', 'Ctrl_up', 'BP')
PASS GO BH: ('condition', 'original', 'cluster_tissue__C5-2__bone_marrow', 'Ctrl_up', 'MF')
PASS GO BH: ('condition', 'original', 'cluster_tissue__C5-2__bone_marrow', 'Ctrl_up', 'CC')
PASS GO BH: ('condition', 'tissue', 'tissue__spleen', 'T2_up', 'BP')
PASS GO BH: ('condition', 'tissue', 'tissue__spleen', 'T2_up', 'MF')
PASS GO BH: ('condition', 'tissue', 'tissue__spleen', 'T2_up', 'CC')
PASS GO BH: ('condition', 'tissue', 'tissue__spleen', 'Ctrl_up', 'BP')
PASS GO BH: ('condition', 'tissue', 'tissue__spleen', 'Ctrl_up', 'MF')
PASS GO BH: ('condition', 'tissue', 'tissue__spleen', 'Ctrl_up', 'CC')
PASS GO BH: ('condition', 'original', 'cluster_tissue__C0__spleen', 'T2_up', 'BP')
PASS GO BH: ('condition', 'original', 'cluster_tissue__C0__spleen', 'T2_up', 'MF')
PASS GO BH: ('condition', 'original', 'cluster_tissue__C0__spleen', 'T2_up', 'CC')
PASS GO BH: ('condition', 'original', 'cluster_tissue__C0__spleen', 'Ctrl_up', 'BP')
PASS GO BH: ('condition', 'original', 'cluster_tissue__C0__spleen', 'Ctrl_up', 'MF')
PASS GO BH: ('condition', 'original', 'cluster_tissue__C0__spleen', 'Ctrl_up', 'CC')
PASS GO BH: ('condition', 'original', 'cluster_tissue__C1__spleen', 'T2_up', 'BP')
PASS GO BH: ('condition', 'original', 'cluster_tissue__C1__spleen', 'T2_up', 'MF')
PASS GO BH: ('condition', 'original', 'cluster_tissue__C1__spleen', 'T2_up', 'CC')
PASS GO BH: ('condition', 'original', 'cluster_tissue__C1__spleen', 'Ctrl_up', 'BP')
PASS GO BH: ('condition', 'original', 'cluster_tissue__C1__spleen', 'Ctrl_up', 'MF')
PASS GO BH: ('condition', 'original', 'cluster_tissue__C1__spleen', 'Ctrl_up', 'CC')
PASS GO BH: ('condition', 'original', 'cluster_tissue__C2__spleen', 'T2_up', 'BP')
PASS GO BH: ('condition', 'original', 'cluster_tissue__C2__spleen', 'T2_up', 'MF')
PASS GO BH: ('condition', 'original', 'cluster_tissue__C2__spleen', 'T2_up', 'CC')
PASS GO BH: ('condition', 'original', 'cluster_tissue__C2__spleen', 'Ctrl_up', 'BP')
PASS GO BH: ('condition', 'original', 'cluster_tissue__C2__spleen', 'Ctrl_up', 'MF')
PASS GO BH: ('condition', 'original', 'cluster_tissue__C2__spleen', 'Ctrl_up', 'CC')
PASS GO BH: ('condition', 'original', 'cluster_tissue__C3__spleen', 'T2_up', 'BP')
PASS GO BH: ('condition', 'original', 'cluster_tissue__C3__spleen', 'T2_up', 'MF')
PASS GO BH: ('condition', 'original', 'cluster_tissue__C3__spleen', 'T2_up', 'CC')
PASS GO BH: ('condition', 'original', 'cluster_tissue__C3__spleen', 'Ctrl_up', 'BP')
PASS GO BH: ('condition', 'original', 'cluster_tissue__C3__spleen', 'Ctrl_up', 'MF')
PASS GO BH: ('condition', 'original', 'cluster_tissue__C3__spleen', 'Ctrl_up', 'CC')
PASS GO BH: ('condition', 'original', 'cluster_tissue__C4__spleen', 'T2_up', 'BP')
PASS GO BH: ('condition', 'original', 'cluster_tissue__C4__spleen', 'T2_up', 'MF')
PASS GO BH: ('condition', 'original', 'cluster_tissue__C4__spleen', 'T2_up', 'CC')
PASS GO BH: ('condition', 'original', 'cluster_tissue__C4__spleen', 'Ctrl_up', 'BP')
PASS GO BH: ('condition', 'original', 'cluster_tissue__C4__spleen', 'Ctrl_up', 'MF')
PASS GO BH: ('condition', 'original', 'cluster_tissue__C4__spleen', 'Ctrl_up', 'CC')
PASS GO BH: ('condition', 'original', 'cluster_tissue__C5-1__spleen', 'T2_up', 'BP')
PASS GO BH: ('condition', 'original', 'cluster_tissue__C5-1__spleen', 'T2_up', 'MF')
PASS GO BH: ('condition', 'original', 'cluster_tissue__C5-1__spleen', 'T2_up', 'CC')
PASS GO BH: ('condition', 'original', 'cluster_tissue__C5-1__spleen', 'Ctrl_up', 'BP')
PASS GO BH: ('condition', 'original', 'cluster_tissue__C5-1__spleen', 'Ctrl_up', 'MF')
PASS GO BH: ('condition', 'original', 'cluster_tissue__C5-1__spleen', 'Ctrl_up', 'CC')
PASS GO BH: ('condition', 'original', 'cluster_tissue__C5-2__spleen', 'T2_up', 'BP')
PASS GO BH: ('condition', 'original', 'cluster_tissue__C5-2__spleen', 'T2_up', 'MF')
PASS GO BH: ('condition', 'original', 'cluster_tissue__C5-2__spleen', 'T2_up', 'CC')
PASS GO BH: ('condition', 'original', 'cluster_tissue__C5-2__spleen', 'Ctrl_up', 'BP')
PASS GO BH: ('condition', 'original', 'cluster_tissue__C5-2__spleen', 'Ctrl_up', 'MF')
PASS GO BH: ('condition', 'original', 'cluster_tissue__C5-2__spleen', 'Ctrl_up', 'CC')
PASS GO BH: ('condition', 'tissue', 'tissue__thymus', 'T2_up', 'BP')
PASS GO BH: ('condition', 'tissue', 'tissue__thymus', 'T2_up', 'MF')
PASS GO BH: ('condition', 'tissue', 'tissue__thymus', 'T2_up', 'CC')
PASS GO BH: ('condition', 'tissue', 'tissue__thymus', 'Ctrl_up', 'BP')
PASS GO BH: ('condition', 'tissue', 'tissue__thymus', 'Ctrl_up', 'MF')
PASS GO BH: ('condition', 'tissue', 'tissue__thymus', 'Ctrl_up', 'CC')
PASS GO BH: ('condition', 'original', 'cluster_tissue__C2__thymus', 'T2_up', 'BP')
PASS GO BH: ('condition', 'original', 'cluster_tissue__C2__thymus', 'T2_up', 'MF')
PASS GO BH: ('condition', 'original', 'cluster_tissue__C2__thymus', 'T2_up', 'CC')
PASS GO BH: ('condition', 'original', 'cluster_tissue__C2__thymus', 'Ctrl_up', 'BP')
PASS GO BH: ('condition', 'original', 'cluster_tissue__C2__thymus', 'Ctrl_up', 'MF')
PASS GO BH: ('condition', 'original', 'cluster_tissue__C2__thymus', 'Ctrl_up', 'CC')
PASS GO BH: ('condition', 'original', 'cluster_tissue__C6__thymus', 'T2_up', 'BP')
PASS GO BH: ('condition', 'original', 'cluster_tissue__C6__thymus', 'T2_up', 'MF')
PASS GO BH: ('condition', 'original', 'cluster_tissue__C6__thymus', 'T2_up', 'CC')
PASS GO BH: ('condition', 'original', 'cluster_tissue__C6__thymus', 'Ctrl_up', 'BP')
PASS GO BH: ('condition', 'original', 'cluster_tissue__C6__thymus', 'Ctrl_up', 'MF')
PASS GO BH: ('condition', 'original', 'cluster_tissue__C6__thymus', 'Ctrl_up', 'CC')
PASS GO BH: ('condition', 'original', 'cluster_tissue__C7__thymus', 'T2_up', 'BP')
PASS GO BH: ('condition', 'original', 'cluster_tissue__C7__thymus', 'T2_up', 'MF')
PASS GO BH: ('condition', 'original', 'cluster_tissue__C7__thymus', 'T2_up', 'CC')
PASS GO BH: ('condition', 'original', 'cluster_tissue__C7__thymus', 'Ctrl_up', 'BP')
PASS GO BH: ('condition', 'original', 'cluster_tissue__C7__thymus', 'Ctrl_up', 'MF')
PASS GO BH: ('condition', 'original', 'cluster_tissue__C7__thymus', 'Ctrl_up', 'CC')
PASS GO BH: ('condition', 'stable', 'stable__bone_marrow_S0', 'T2_up', 'BP')
PASS GO BH: ('condition', 'stable', 'stable__bone_marrow_S0', 'T2_up', 'MF')
PASS GO BH: ('condition', 'stable', 'stable__bone_marrow_S0', 'T2_up', 'CC')
PASS GO BH: ('condition', 'stable', 'stable__bone_marrow_S0', 'Ctrl_up', 'BP')
PASS GO BH: ('condition', 'stable', 'stable__bone_marrow_S0', 'Ctrl_up', 'MF')
PASS GO BH: ('condition', 'stable', 'stable__bone_marrow_S0', 'Ctrl_up', 'CC')
PASS GO BH: ('condition', 'stable', 'stable__bone_marrow_S1', 'T2_up', 'BP')
PASS GO BH: ('condition', 'stable', 'stable__bone_marrow_S1', 'T2_up', 'MF')
PASS GO BH: ('condition', 'stable', 'stable__bone_marrow_S1', 'T2_up', 'CC')
PASS GO BH: ('condition', 'stable', 'stable__bone_marrow_S1', 'Ctrl_up', 'BP')
PASS GO BH: ('condition', 'stable', 'stable__bone_marrow_S1', 'Ctrl_up', 'MF')
PASS GO BH: ('condition', 'stable', 'stable__bone_marrow_S1', 'Ctrl_up', 'CC')
PASS GO BH: ('condition', 'stable', 'stable__bone_marrow_S2', 'T2_up', 'BP')
PASS GO BH: ('condition', 'stable', 'stable__bone_marrow_S2', 'T2_up', 'MF')
PASS GO BH: ('condition', 'stable', 'stable__bone_marrow_S2', 'T2_up', 'CC')
PASS GO BH: ('condition', 'stable', 'stable__bone_marrow_S2', 'Ctrl_up', 'BP')
PASS GO BH: ('condition', 'stable', 'stable__bone_marrow_S2', 'Ctrl_up', 'MF')
PASS GO BH: ('condition', 'stable', 'stable__bone_marrow_S2', 'Ctrl_up', 'CC')
PASS GO BH: ('condition', 'stable', 'stable__bone_marrow_S3', 'T2_up', 'BP')
PASS GO BH: ('condition', 'stable', 'stable__bone_marrow_S3', 'T2_up', 'MF')
PASS GO BH: ('condition', 'stable', 'stable__bone_marrow_S3', 'T2_up', 'CC')
PASS GO BH: ('condition', 'stable', 'stable__bone_marrow_S3', 'Ctrl_up', 'BP')
PASS GO BH: ('condition', 'stable', 'stable__bone_marrow_S3', 'Ctrl_up', 'MF')
PASS GO BH: ('condition', 'stable', 'stable__bone_marrow_S3', 'Ctrl_up', 'CC')
PASS GO BH: ('condition', 'stable', 'stable__bone_marrow_S4', 'T2_up', 'BP')
PASS GO BH: ('condition', 'stable', 'stable__bone_marrow_S4', 'T2_up', 'MF')
PASS GO BH: ('condition', 'stable', 'stable__bone_marrow_S4', 'T2_up', 'CC')
PASS GO BH: ('condition', 'stable', 'stable__bone_marrow_S4', 'Ctrl_up', 'BP')
PASS GO BH: ('condition', 'stable', 'stable__bone_marrow_S4', 'Ctrl_up', 'MF')
PASS GO BH: ('condition', 'stable', 'stable__bone_marrow_S4', 'Ctrl_up', 'CC')
PASS GO BH: ('condition', 'stable', 'stable__spleen_S0', 'T2_up', 'BP')
PASS GO BH: ('condition', 'stable', 'stable__spleen_S0', 'T2_up', 'MF')
PASS GO BH: ('condition', 'stable', 'stable__spleen_S0', 'T2_up', 'CC')
PASS GO BH: ('condition', 'stable', 'stable__spleen_S0', 'Ctrl_up', 'BP')
PASS GO BH: ('condition', 'stable', 'stable__spleen_S0', 'Ctrl_up', 'MF')
PASS GO BH: ('condition', 'stable', 'stable__spleen_S0', 'Ctrl_up', 'CC')
PASS GO BH: ('condition', 'stable', 'stable__spleen_S1', 'T2_up', 'BP')
PASS GO BH: ('condition', 'stable', 'stable__spleen_S1', 'T2_up', 'MF')
PASS GO BH: ('condition', 'stable', 'stable__spleen_S1', 'T2_up', 'CC')
PASS GO BH: ('condition', 'stable', 'stable__spleen_S1', 'Ctrl_up', 'BP')
PASS GO BH: ('condition', 'stable', 'stable__spleen_S1', 'Ctrl_up', 'MF')
PASS GO BH: ('condition', 'stable', 'stable__spleen_S1', 'Ctrl_up', 'CC')
PASS GO BH: ('condition', 'stable', 'stable__spleen_S2', 'T2_up', 'BP')
PASS GO BH: ('condition', 'stable', 'stable__spleen_S2', 'T2_up', 'MF')
PASS GO BH: ('condition', 'stable', 'stable__spleen_S2', 'T2_up', 'CC')
PASS GO BH: ('condition', 'stable', 'stable__spleen_S2', 'Ctrl_up', 'BP')
PASS GO BH: ('condition', 'stable', 'stable__spleen_S2', 'Ctrl_up', 'MF')
PASS GO BH: ('condition', 'stable', 'stable__spleen_S2', 'Ctrl_up', 'CC')
PASS GO BH: ('condition', 'stable', 'stable__spleen_S3', 'T2_up', 'BP')
PASS GO BH: ('condition', 'stable', 'stable__spleen_S3', 'T2_up', 'MF')
PASS GO BH: ('condition', 'stable', 'stable__spleen_S3', 'T2_up', 'CC')
PASS GO BH: ('condition', 'stable', 'stable__spleen_S3', 'Ctrl_up', 'BP')
PASS GO BH: ('condition', 'stable', 'stable__spleen_S3', 'Ctrl_up', 'MF')
PASS GO BH: ('condition', 'stable', 'stable__spleen_S3', 'Ctrl_up', 'CC')
PASS GO BH: ('condition', 'stable', 'stable__thymus_S0', 'T2_up', 'BP')
PASS GO BH: ('condition', 'stable', 'stable__thymus_S0', 'T2_up', 'MF')
PASS GO BH: ('condition', 'stable', 'stable__thymus_S0', 'T2_up', 'CC')
PASS GO BH: ('condition', 'stable', 'stable__thymus_S0', 'Ctrl_up', 'BP')
PASS GO BH: ('condition', 'stable', 'stable__thymus_S0', 'Ctrl_up', 'MF')
PASS GO BH: ('condition', 'stable', 'stable__thymus_S0', 'Ctrl_up', 'CC')
PASS GO BH: ('condition', 'stable', 'stable__thymus_S1', 'T2_up', 'BP')
PASS GO BH: ('condition', 'stable', 'stable__thymus_S1', 'T2_up', 'MF')
PASS GO BH: ('condition', 'stable', 'stable__thymus_S1', 'T2_up', 'CC')
PASS GO BH: ('condition', 'stable', 'stable__thymus_S1', 'Ctrl_up', 'BP')
PASS GO BH: ('condition', 'stable', 'stable__thymus_S1', 'Ctrl_up', 'MF')
PASS GO BH: ('condition', 'stable', 'stable__thymus_S1', 'Ctrl_up', 'CC')
PASS GO BH: ('condition', 'stable', 'stable__thymus_S2', 'T2_up', 'BP')
PASS GO BH: ('condition', 'stable', 'stable__thymus_S2', 'T2_up', 'MF')
PASS GO BH: ('condition', 'stable', 'stable__thymus_S2', 'T2_up', 'CC')
PASS GO BH: ('condition', 'stable', 'stable__thymus_S2', 'Ctrl_up', 'BP')
PASS GO BH: ('condition', 'stable', 'stable__thymus_S2', 'Ctrl_up', 'MF')
PASS GO BH: ('condition', 'stable', 'stable__thymus_S2', 'Ctrl_up', 'CC')
PASS GO BH: ('condition', 'stable', 'stable__thymus_S3', 'T2_up', 'BP')
PASS GO BH: ('condition', 'stable', 'stable__thymus_S3', 'T2_up', 'MF')
PASS GO BH: ('condition', 'stable', 'stable__thymus_S3', 'T2_up', 'CC')
PASS GO BH: ('condition', 'stable', 'stable__thymus_S3', 'Ctrl_up', 'BP')
PASS GO BH: ('condition', 'stable', 'stable__thymus_S3', 'Ctrl_up', 'MF')
PASS GO BH: ('condition', 'stable', 'stable__thymus_S3', 'Ctrl_up', 'CC')
PASS GO BH: ('condition', 'stable', 'stable__thymus_S5', 'T2_up', 'BP')
PASS GO BH: ('condition', 'stable', 'stable__thymus_S5', 'T2_up', 'MF')
PASS GO BH: ('condition', 'stable', 'stable__thymus_S5', 'T2_up', 'CC')
PASS GO BH: ('condition', 'stable', 'stable__thymus_S5', 'Ctrl_up', 'BP')
PASS GO BH: ('condition', 'stable', 'stable__thymus_S5', 'Ctrl_up', 'MF')
PASS GO BH: ('condition', 'stable', 'stable__thymus_S5', 'Ctrl_up', 'CC')
PASS 200 independent hypergeometric recalculations
PASS Cross-contrast GO BH cluster_identity
PASS Cross-contrast GO BH condition
PASS NOT annotations excluded
PASS ND annotations excluded
PASS Trajectory counts reconcile
PASS DPT values finite and normalized
PASS Trajectory cells match source
PASS PDF page count
PASS PPTX page count
PASS Figure resolution results/figures/01.png
PASS Figure resolution results/figures/02.png
PASS Figure resolution results/figures/03.png
PASS Figure resolution results/figures/04.png
PASS Figure resolution results/figures/05.png
PASS Figure resolution results/figures/06.png
PASS Figure resolution results/figures/07.png
PASS Figure resolution results/figures/08.png
PASS Figure resolution results/figures/09.png
PASS Figure resolution results/figures/10.png
PASS Figure resolution results/figures/11.png
PASS Figure resolution results/figures/12.png
PASS Figure resolution results/figures/13.png
PASS Figure resolution results/figures/14.png
PASS Figure resolution results/figures/15.png
PASS Figure resolution results/figures/16.png
PASS Figure resolution results/figures/17.png
PASS Figure resolution results/figures/18.png
PASS Figure resolution results/figures/19.png
PASS Focused cluster crosswalk coverage independently checked
PASS No significant killing-related GO condition result overclaimed
PASS Broader E1 signature limitation confirmed
PASS Signature and GO limitations have a dedicated slide
PASS All dated Python files compile
VERIFIED 318 checks
